<?xml version="1.0"?>
<link_info>
   <banner>MSP430 Linker PC v4.1.2</banner>
   <copyright>Copyright (c) 2003-2012 Texas Instruments Incorporated</copyright>
   <link_time>0x6048b22d</link_time>
   <output_file>Lab07-2_TFT.out</output_file>
   <entry_point>
      <name>_c_int00</name>
      <address>0x8000</address>
   </entry_point>
   <input_file_list>
      <input_file id="fl-2">
         <path>.\</path>
         <kind>object</kind>
         <file>dr_tft.obj</file>
         <name>dr_tft.obj</name>
      </input_file>
      <input_file id="fl-3">
         <path>.\</path>
         <kind>object</kind>
         <file>dr_tft2.obj</file>
         <name>dr_tft2.obj</name>
      </input_file>
      <input_file id="fl-4">
         <path>.\</path>
         <kind>object</kind>
         <file>main.obj</file>
         <name>main.obj</name>
      </input_file>
      <input_file id="fl-1e">
         <path>D:\Ti\ccs1020\ccs\tools\compiler\msp430_4.1.2\lib\</path>
         <kind>archive</kind>
         <file>rts430x.lib</file>
         <name>boot.obj</name>
      </input_file>
      <input_file id="fl-1f">
         <path>D:\Ti\ccs1020\ccs\tools\compiler\msp430_4.1.2\lib\</path>
         <kind>archive</kind>
         <file>rts430x.lib</file>
         <name>copy_decompress_none.obj</name>
      </input_file>
      <input_file id="fl-20">
         <path>D:\Ti\ccs1020\ccs\tools\compiler\msp430_4.1.2\lib\</path>
         <kind>archive</kind>
         <file>rts430x.lib</file>
         <name>copy_decompress_rle.obj</name>
      </input_file>
      <input_file id="fl-21">
         <path>D:\Ti\ccs1020\ccs\tools\compiler\msp430_4.1.2\lib\</path>
         <kind>archive</kind>
         <file>rts430x.lib</file>
         <name>copy_zero_init.obj</name>
      </input_file>
      <input_file id="fl-22">
         <path>D:\Ti\ccs1020\ccs\tools\compiler\msp430_4.1.2\lib\</path>
         <kind>archive</kind>
         <file>rts430x.lib</file>
         <name>cpy_util.obj</name>
      </input_file>
      <input_file id="fl-23">
         <path>D:\Ti\ccs1020\ccs\tools\compiler\msp430_4.1.2\lib\</path>
         <kind>archive</kind>
         <file>rts430x.lib</file>
         <name>exit.obj</name>
      </input_file>
      <input_file id="fl-24">
         <path>D:\Ti\ccs1020\ccs\tools\compiler\msp430_4.1.2\lib\</path>
         <kind>archive</kind>
         <file>rts430x.lib</file>
         <name>_lock.obj</name>
      </input_file>
      <input_file id="fl-25">
         <path>D:\Ti\ccs1020\ccs\tools\compiler\msp430_4.1.2\lib\</path>
         <kind>archive</kind>
         <file>rts430x.lib</file>
         <name>lsl16.obj</name>
      </input_file>
      <input_file id="fl-26">
         <path>D:\Ti\ccs1020\ccs\tools\compiler\msp430_4.1.2\lib\</path>
         <kind>archive</kind>
         <file>rts430x.lib</file>
         <name>mult16_f5hw.obj</name>
      </input_file>
      <input_file id="fl-27">
         <path>D:\Ti\ccs1020\ccs\tools\compiler\msp430_4.1.2\lib\</path>
         <kind>archive</kind>
         <file>rts430x.lib</file>
         <name>pre_init.obj</name>
      </input_file>
      <input_file id="fl-28">
         <path>D:\Ti\ccs1020\ccs\tools\compiler\msp430_4.1.2\lib\</path>
         <kind>archive</kind>
         <file>rts430x.lib</file>
         <name>args_main.obj</name>
      </input_file>
      <input_file id="fl-29">
         <path>D:\Ti\ccs1020\ccs\tools\compiler\msp430_4.1.2\lib\</path>
         <kind>archive</kind>
         <file>rts430x.lib</file>
         <name>autoinit.obj</name>
      </input_file>
      <input_file id="fl-2a">
         <path>D:\Ti\ccs1020\ccs\tools\compiler\msp430_4.1.2\lib\</path>
         <kind>archive</kind>
         <file>rts430x.lib</file>
         <name>memcpy.obj</name>
      </input_file>
   </input_file_list>
   <object_component_list>
      <object_component id="oc-5d">
         <name>.bss</name>
         <uninitialized>true</uninitialized>
         <run_address>0x2408</run_address>
         <size>0x8</size>
         <input_file_ref idref="fl-1e"/>
      </object_component>
      <object_component id="oc-72">
         <name>.bss</name>
         <uninitialized>true</uninitialized>
         <run_address>0x2400</run_address>
         <size>0x8</size>
         <input_file_ref idref="fl-24"/>
      </object_component>
      <object_component id="oc-5f">
         <name>.stack</name>
         <uninitialized>true</uninitialized>
         <run_address>0x6360</run_address>
         <size>0x2</size>
         <input_file_ref idref="fl-1e"/>
      </object_component>
      <object_component id="oc-ec">
         <name>.stack</name>
         <uninitialized>true</uninitialized>
         <run_address>0x6360</run_address>
         <size>0x0</size>
      </object_component>
      <object_component id="oc-8f">
         <name>.text:initTFT</name>
         <load_address>0x9072</load_address>
         <run_address>0x9072</run_address>
         <size>0x3ca</size>
         <input_file_ref idref="fl-2"/>
      </object_component>
      <object_component id="oc-8c">
         <name>.text:main</name>
         <load_address>0x943c</load_address>
         <run_address>0x943c</run_address>
         <size>0x182</size>
         <input_file_ref idref="fl-4"/>
      </object_component>
      <object_component id="oc-91">
         <name>.text:etft_DisplayString</name>
         <load_address>0x95be</load_address>
         <run_address>0x95be</run_address>
         <size>0xba</size>
         <input_file_ref idref="fl-3"/>
      </object_component>
      <object_component id="oc-90">
         <name>.text:etft_AreaSet</name>
         <load_address>0x9678</load_address>
         <run_address>0x9678</run_address>
         <size>0x78</size>
         <input_file_ref idref="fl-3"/>
      </object_component>
      <object_component id="oc-8e">
         <name>.text:initClock</name>
         <load_address>0x96f0</load_address>
         <run_address>0x96f0</run_address>
         <size>0x64</size>
         <input_file_ref idref="fl-4"/>
      </object_component>
      <object_component id="oc-96">
         <name>.text:tft_AddTxData</name>
         <load_address>0x9754</load_address>
         <run_address>0x9754</run_address>
         <size>0x20</size>
         <input_file_ref idref="fl-2"/>
      </object_component>
      <object_component id="oc-7a">
         <name>.text</name>
         <load_address>0x9774</load_address>
         <run_address>0x9774</run_address>
         <size>0x16</size>
         <input_file_ref idref="fl-26"/>
      </object_component>
      <object_component id="oc-94">
         <name>.text:tft_SendData</name>
         <load_address>0x978a</load_address>
         <run_address>0x978a</run_address>
         <size>0x14</size>
         <input_file_ref idref="fl-2"/>
      </object_component>
      <object_component id="oc-93">
         <name>.text:tft_SendIndex</name>
         <load_address>0x979e</load_address>
         <run_address>0x979e</run_address>
         <size>0x14</size>
         <input_file_ref idref="fl-2"/>
      </object_component>
      <object_component id="oc-92">
         <name>.text:tft_SendCmd</name>
         <load_address>0x97b2</load_address>
         <run_address>0x97b2</run_address>
         <size>0xe</size>
         <input_file_ref idref="fl-2"/>
      </object_component>
      <object_component id="oc-76">
         <name>.text</name>
         <load_address>0x97c0</load_address>
         <run_address>0x97c0</run_address>
         <size>0xa</size>
         <input_file_ref idref="fl-25"/>
      </object_component>
      <object_component id="oc-8b">
         <name>.text:_system_pre_init</name>
         <load_address>0x97ca</load_address>
         <run_address>0x97ca</run_address>
         <size>0x4</size>
         <input_file_ref idref="fl-27"/>
      </object_component>
      <object_component id="oc-8d">
         <name>.text:abort</name>
         <load_address>0x97ce</load_address>
         <run_address>0x97ce</run_address>
         <size>0x4</size>
         <input_file_ref idref="fl-23"/>
      </object_component>
      <object_component id="oc-8a">
         <name>.text:_nop</name>
         <load_address>0x97d2</load_address>
         <run_address>0x97d2</run_address>
         <size>0x2</size>
         <input_file_ref idref="fl-24"/>
      </object_component>
      <object_component id="oc-4f">
         <name>.text:_isr:_c_int00_noinit_noexit</name>
         <load_address>0x8000</load_address>
         <run_address>0x8000</run_address>
         <size>0x22</size>
         <input_file_ref idref="fl-1e"/>
      </object_component>
      <object_component id="oc-95">
         <name>.const:.string:tft_ascii</name>
         <load_address>0x8022</load_address>
         <run_address>0x8022</run_address>
         <size>0x1010</size>
         <input_file_ref idref="fl-3"/>
      </object_component>
      <object_component id="oc-59">
         <name>.const:.string</name>
         <load_address>0x9032</load_address>
         <run_address>0x9032</run_address>
         <size>0x40</size>
         <input_file_ref idref="fl-4"/>
      </object_component>
      <object_component id="oc-60">
         <name>.reset</name>
         <load_address>0xfffe</load_address>
         <run_address>0xfffe</run_address>
         <size>0x2</size>
         <input_file_ref idref="fl-1e"/>
      </object_component>
      <object_component id="oc-50">
         <name>.debug_info</name>
         <load_address>0x0</load_address>
         <run_address>0x0</run_address>
         <size>0x923</size>
         <input_file_ref idref="fl-2"/>
      </object_component>
      <object_component id="oc-54">
         <name>.debug_info</name>
         <load_address>0x923</load_address>
         <run_address>0x923</run_address>
         <size>0x81d</size>
         <input_file_ref idref="fl-3"/>
      </object_component>
      <object_component id="oc-58">
         <name>.debug_info</name>
         <load_address>0x1140</load_address>
         <run_address>0x1140</run_address>
         <size>0x720</size>
         <input_file_ref idref="fl-4"/>
      </object_component>
      <object_component id="oc-5e">
         <name>.debug_info</name>
         <load_address>0x1860</load_address>
         <run_address>0x1860</run_address>
         <size>0x42f</size>
         <input_file_ref idref="fl-1e"/>
      </object_component>
      <object_component id="oc-63">
         <name>.debug_info</name>
         <load_address>0x1c8f</load_address>
         <run_address>0x1c8f</run_address>
         <size>0x269</size>
         <input_file_ref idref="fl-1f"/>
      </object_component>
      <object_component id="oc-66">
         <name>.debug_info</name>
         <load_address>0x1ef8</load_address>
         <run_address>0x1ef8</run_address>
         <size>0x265</size>
         <input_file_ref idref="fl-20"/>
      </object_component>
      <object_component id="oc-69">
         <name>.debug_info</name>
         <load_address>0x215d</load_address>
         <run_address>0x215d</run_address>
         <size>0x26c</size>
         <input_file_ref idref="fl-21"/>
      </object_component>
      <object_component id="oc-6c">
         <name>.debug_info</name>
         <load_address>0x23c9</load_address>
         <run_address>0x23c9</run_address>
         <size>0x8b</size>
         <input_file_ref idref="fl-22"/>
      </object_component>
      <object_component id="oc-6f">
         <name>.debug_info</name>
         <load_address>0x2454</load_address>
         <run_address>0x2454</run_address>
         <size>0x2c6</size>
         <input_file_ref idref="fl-23"/>
      </object_component>
      <object_component id="oc-73">
         <name>.debug_info</name>
         <load_address>0x271a</load_address>
         <run_address>0x271a</run_address>
         <size>0x23b</size>
         <input_file_ref idref="fl-24"/>
      </object_component>
      <object_component id="oc-77">
         <name>.debug_info</name>
         <load_address>0x2955</load_address>
         <run_address>0x2955</run_address>
         <size>0xb5</size>
         <input_file_ref idref="fl-25"/>
      </object_component>
      <object_component id="oc-7b">
         <name>.debug_info</name>
         <load_address>0x2a0a</load_address>
         <run_address>0x2a0a</run_address>
         <size>0xc7</size>
         <input_file_ref idref="fl-26"/>
      </object_component>
      <object_component id="oc-7e">
         <name>.debug_info</name>
         <load_address>0x2ad1</load_address>
         <run_address>0x2ad1</run_address>
         <size>0x224</size>
         <input_file_ref idref="fl-27"/>
      </object_component>
      <object_component id="oc-81">
         <name>.debug_info</name>
         <load_address>0x2cf5</load_address>
         <run_address>0x2cf5</run_address>
         <size>0x277</size>
         <input_file_ref idref="fl-28"/>
      </object_component>
      <object_component id="oc-84">
         <name>.debug_info</name>
         <load_address>0x2f6c</load_address>
         <run_address>0x2f6c</run_address>
         <size>0x268</size>
         <input_file_ref idref="fl-29"/>
      </object_component>
      <object_component id="oc-87">
         <name>.debug_info</name>
         <load_address>0x31d4</load_address>
         <run_address>0x31d4</run_address>
         <size>0x1e8</size>
         <input_file_ref idref="fl-2a"/>
      </object_component>
      <object_component id="oc-ee">
         <name>.debug_info</name>
         <load_address>0x33bc</load_address>
         <run_address>0x33bc</run_address>
         <size>0x6a</size>
      </object_component>
      <object_component id="oc-51">
         <name>.debug_frame</name>
         <load_address>0x0</load_address>
         <run_address>0x0</run_address>
         <size>0x9c</size>
         <input_file_ref idref="fl-2"/>
      </object_component>
      <object_component id="oc-55">
         <name>.debug_frame</name>
         <load_address>0x9c</load_address>
         <run_address>0x9c</run_address>
         <size>0x9a</size>
         <input_file_ref idref="fl-3"/>
      </object_component>
      <object_component id="oc-5a">
         <name>.debug_frame</name>
         <load_address>0x136</load_address>
         <run_address>0x136</run_address>
         <size>0x60</size>
         <input_file_ref idref="fl-4"/>
      </object_component>
      <object_component id="oc-52">
         <name>.debug_line</name>
         <load_address>0x0</load_address>
         <run_address>0x0</run_address>
         <size>0xeb</size>
         <input_file_ref idref="fl-2"/>
      </object_component>
      <object_component id="oc-56">
         <name>.debug_line</name>
         <load_address>0xeb</load_address>
         <run_address>0xeb</run_address>
         <size>0xb7</size>
         <input_file_ref idref="fl-3"/>
      </object_component>
      <object_component id="oc-5b">
         <name>.debug_line</name>
         <load_address>0x1a2</load_address>
         <run_address>0x1a2</run_address>
         <size>0xad</size>
         <input_file_ref idref="fl-4"/>
      </object_component>
      <object_component id="oc-61">
         <name>.debug_line</name>
         <load_address>0x24f</load_address>
         <run_address>0x24f</run_address>
         <size>0x38</size>
         <input_file_ref idref="fl-1e"/>
      </object_component>
      <object_component id="oc-64">
         <name>.debug_line</name>
         <load_address>0x287</load_address>
         <run_address>0x287</run_address>
         <size>0x34</size>
         <input_file_ref idref="fl-1f"/>
      </object_component>
      <object_component id="oc-67">
         <name>.debug_line</name>
         <load_address>0x2bb</load_address>
         <run_address>0x2bb</run_address>
         <size>0x33</size>
         <input_file_ref idref="fl-20"/>
      </object_component>
      <object_component id="oc-6a">
         <name>.debug_line</name>
         <load_address>0x2ee</load_address>
         <run_address>0x2ee</run_address>
         <size>0x2e</size>
         <input_file_ref idref="fl-21"/>
      </object_component>
      <object_component id="oc-6d">
         <name>.debug_line</name>
         <load_address>0x31c</load_address>
         <run_address>0x31c</run_address>
         <size>0x2a</size>
         <input_file_ref idref="fl-22"/>
      </object_component>
      <object_component id="oc-70">
         <name>.debug_line</name>
         <load_address>0x346</load_address>
         <run_address>0x346</run_address>
         <size>0x38</size>
         <input_file_ref idref="fl-23"/>
      </object_component>
      <object_component id="oc-74">
         <name>.debug_line</name>
         <load_address>0x37e</load_address>
         <run_address>0x37e</run_address>
         <size>0x35</size>
         <input_file_ref idref="fl-24"/>
      </object_component>
      <object_component id="oc-78">
         <name>.debug_line</name>
         <load_address>0x3b3</load_address>
         <run_address>0x3b3</run_address>
         <size>0x38</size>
         <input_file_ref idref="fl-25"/>
      </object_component>
      <object_component id="oc-7c">
         <name>.debug_line</name>
         <load_address>0x3eb</load_address>
         <run_address>0x3eb</run_address>
         <size>0x42</size>
         <input_file_ref idref="fl-26"/>
      </object_component>
      <object_component id="oc-7f">
         <name>.debug_line</name>
         <load_address>0x42d</load_address>
         <run_address>0x42d</run_address>
         <size>0x39</size>
         <input_file_ref idref="fl-27"/>
      </object_component>
      <object_component id="oc-82">
         <name>.debug_line</name>
         <load_address>0x466</load_address>
         <run_address>0x466</run_address>
         <size>0x29</size>
         <input_file_ref idref="fl-28"/>
      </object_component>
      <object_component id="oc-85">
         <name>.debug_line</name>
         <load_address>0x48f</load_address>
         <run_address>0x48f</run_address>
         <size>0x28</size>
         <input_file_ref idref="fl-29"/>
      </object_component>
      <object_component id="oc-88">
         <name>.debug_line</name>
         <load_address>0x4b7</load_address>
         <run_address>0x4b7</run_address>
         <size>0x26</size>
         <input_file_ref idref="fl-2a"/>
      </object_component>
      <object_component id="oc-53">
         <name>.debug_abbrev</name>
         <load_address>0x0</load_address>
         <run_address>0x0</run_address>
         <size>0xff</size>
         <input_file_ref idref="fl-2"/>
      </object_component>
      <object_component id="oc-57">
         <name>.debug_abbrev</name>
         <load_address>0xff</load_address>
         <run_address>0xff</run_address>
         <size>0xf5</size>
         <input_file_ref idref="fl-3"/>
      </object_component>
      <object_component id="oc-5c">
         <name>.debug_abbrev</name>
         <load_address>0x1f4</load_address>
         <run_address>0x1f4</run_address>
         <size>0x101</size>
         <input_file_ref idref="fl-4"/>
      </object_component>
      <object_component id="oc-62">
         <name>.debug_abbrev</name>
         <load_address>0x2f5</load_address>
         <run_address>0x2f5</run_address>
         <size>0x11f</size>
         <input_file_ref idref="fl-1e"/>
      </object_component>
      <object_component id="oc-65">
         <name>.debug_abbrev</name>
         <load_address>0x414</load_address>
         <run_address>0x414</run_address>
         <size>0xae</size>
         <input_file_ref idref="fl-1f"/>
      </object_component>
      <object_component id="oc-68">
         <name>.debug_abbrev</name>
         <load_address>0x4c2</load_address>
         <run_address>0x4c2</run_address>
         <size>0x10b</size>
         <input_file_ref idref="fl-20"/>
      </object_component>
      <object_component id="oc-6b">
         <name>.debug_abbrev</name>
         <load_address>0x5cd</load_address>
         <run_address>0x5cd</run_address>
         <size>0xbd</size>
         <input_file_ref idref="fl-21"/>
      </object_component>
      <object_component id="oc-6e">
         <name>.debug_abbrev</name>
         <load_address>0x68a</load_address>
         <run_address>0x68a</run_address>
         <size>0x32</size>
         <input_file_ref idref="fl-22"/>
      </object_component>
      <object_component id="oc-71">
         <name>.debug_abbrev</name>
         <load_address>0x6bc</load_address>
         <run_address>0x6bc</run_address>
         <size>0xd8</size>
         <input_file_ref idref="fl-23"/>
      </object_component>
      <object_component id="oc-75">
         <name>.debug_abbrev</name>
         <load_address>0x794</load_address>
         <run_address>0x794</run_address>
         <size>0x90</size>
         <input_file_ref idref="fl-24"/>
      </object_component>
      <object_component id="oc-79">
         <name>.debug_abbrev</name>
         <load_address>0x824</load_address>
         <run_address>0x824</run_address>
         <size>0x38</size>
         <input_file_ref idref="fl-25"/>
      </object_component>
      <object_component id="oc-7d">
         <name>.debug_abbrev</name>
         <load_address>0x85c</load_address>
         <run_address>0x85c</run_address>
         <size>0x38</size>
         <input_file_ref idref="fl-26"/>
      </object_component>
      <object_component id="oc-80">
         <name>.debug_abbrev</name>
         <load_address>0x894</load_address>
         <run_address>0x894</run_address>
         <size>0x64</size>
         <input_file_ref idref="fl-27"/>
      </object_component>
      <object_component id="oc-83">
         <name>.debug_abbrev</name>
         <load_address>0x8f8</load_address>
         <run_address>0x8f8</run_address>
         <size>0xd4</size>
         <input_file_ref idref="fl-28"/>
      </object_component>
      <object_component id="oc-86">
         <name>.debug_abbrev</name>
         <load_address>0x9cc</load_address>
         <run_address>0x9cc</run_address>
         <size>0xff</size>
         <input_file_ref idref="fl-29"/>
      </object_component>
      <object_component id="oc-89">
         <name>.debug_abbrev</name>
         <load_address>0xacb</load_address>
         <run_address>0xacb</run_address>
         <size>0xaf</size>
         <input_file_ref idref="fl-2a"/>
      </object_component>
      <object_component id="oc-ef">
         <name>.debug_abbrev</name>
         <load_address>0xb7a</load_address>
         <run_address>0xb7a</run_address>
         <size>0xd</size>
      </object_component>
   </object_component_list>
   <logical_group_list>
      <logical_group id="lg-2">
         <name>.bss</name>
         <run_address>0x2400</run_address>
         <size>0x10</size>
         <contents>
            <object_component_ref idref="oc-5d"/>
            <object_component_ref idref="oc-72"/>
         </contents>
      </logical_group>
      <logical_group id="lg-3">
         <name>.sysmem</name>
         <run_address>0x0</run_address>
         <size>0x0</size>
         <contents>
         </contents>
      </logical_group>
      <logical_group id="lg-4">
         <name>.stack</name>
         <run_address>0x6360</run_address>
         <size>0xa0</size>
         <contents>
            <object_component_ref idref="oc-5f"/>
            <object_component_ref idref="oc-ec"/>
         </contents>
      </logical_group>
      <logical_group id="lg-ed">
         <name>.text</name>
         <load_address>0x9072</load_address>
         <run_address>0x9072</run_address>
         <size>0x762</size>
         <contents>
            <object_component_ref idref="oc-8f"/>
            <object_component_ref idref="oc-8c"/>
            <object_component_ref idref="oc-91"/>
            <object_component_ref idref="oc-90"/>
            <object_component_ref idref="oc-8e"/>
            <object_component_ref idref="oc-96"/>
            <object_component_ref idref="oc-7a"/>
            <object_component_ref idref="oc-94"/>
            <object_component_ref idref="oc-93"/>
            <object_component_ref idref="oc-92"/>
            <object_component_ref idref="oc-76"/>
            <object_component_ref idref="oc-8b"/>
            <object_component_ref idref="oc-8d"/>
            <object_component_ref idref="oc-8a"/>
         </contents>
      </logical_group>
      <split_section id="lg-5">
         <name>.text</name>
         <contents>
            <logical_group_ref idref="lg-ed"/>
         </contents>
      </split_section>
      <logical_group id="lg-6">
         <name>.text:_isr</name>
         <load_address>0x8000</load_address>
         <run_address>0x8000</run_address>
         <size>0x22</size>
         <contents>
            <object_component_ref idref="oc-4f"/>
         </contents>
      </logical_group>
      <logical_group id="lg-7">
         <name>.cinit</name>
         <run_address>0x0</run_address>
         <size>0x0</size>
         <contents>
         </contents>
      </logical_group>
      <logical_group id="lg-8">
         <name>.const</name>
         <load_address>0x8022</load_address>
         <run_address>0x8022</run_address>
         <size>0x1050</size>
         <contents>
            <object_component_ref idref="oc-95"/>
            <object_component_ref idref="oc-59"/>
         </contents>
      </logical_group>
      <logical_group id="lg-9">
         <name>.cio</name>
         <run_address>0x0</run_address>
         <size>0x0</size>
         <contents>
         </contents>
      </logical_group>
      <logical_group id="lg-a">
         <name>.pinit</name>
         <run_address>0x0</run_address>
         <size>0x0</size>
         <contents>
         </contents>
      </logical_group>
      <logical_group id="lg-b">
         <name>.infoA</name>
         <run_address>0x0</run_address>
         <size>0x0</size>
         <contents>
         </contents>
      </logical_group>
      <logical_group id="lg-c">
         <name>.infoB</name>
         <run_address>0x0</run_address>
         <size>0x0</size>
         <contents>
         </contents>
      </logical_group>
      <logical_group id="lg-d">
         <name>.infoC</name>
         <run_address>0x0</run_address>
         <size>0x0</size>
         <contents>
         </contents>
      </logical_group>
      <logical_group id="lg-e">
         <name>.infoD</name>
         <run_address>0x0</run_address>
         <size>0x0</size>
         <contents>
         </contents>
      </logical_group>
      <logical_group id="lg-f">
         <name>.int00</name>
         <run_address>0x0</run_address>
         <size>0x0</size>
         <contents>
         </contents>
      </logical_group>
      <logical_group id="lg-10">
         <name>.int01</name>
         <run_address>0x0</run_address>
         <size>0x0</size>
         <contents>
         </contents>
      </logical_group>
      <logical_group id="lg-11">
         <name>.int02</name>
         <run_address>0x0</run_address>
         <size>0x0</size>
         <contents>
         </contents>
      </logical_group>
      <logical_group id="lg-12">
         <name>.int03</name>
         <run_address>0x0</run_address>
         <size>0x0</size>
         <contents>
         </contents>
      </logical_group>
      <logical_group id="lg-13">
         <name>.int04</name>
         <run_address>0x0</run_address>
         <size>0x0</size>
         <contents>
         </contents>
      </logical_group>
      <logical_group id="lg-14">
         <name>.int05</name>
         <run_address>0x0</run_address>
         <size>0x0</size>
         <contents>
         </contents>
      </logical_group>
      <logical_group id="lg-15">
         <name>.int06</name>
         <run_address>0x0</run_address>
         <size>0x0</size>
         <contents>
         </contents>
      </logical_group>
      <logical_group id="lg-16">
         <name>.int07</name>
         <run_address>0x0</run_address>
         <size>0x0</size>
         <contents>
         </contents>
      </logical_group>
      <logical_group id="lg-17">
         <name>.int08</name>
         <run_address>0x0</run_address>
         <size>0x0</size>
         <contents>
         </contents>
      </logical_group>
      <logical_group id="lg-18">
         <name>.int09</name>
         <run_address>0x0</run_address>
         <size>0x0</size>
         <contents>
         </contents>
      </logical_group>
      <logical_group id="lg-19">
         <name>.int10</name>
         <run_address>0x0</run_address>
         <size>0x0</size>
         <contents>
         </contents>
      </logical_group>
      <logical_group id="lg-1a">
         <name>.int11</name>
         <run_address>0x0</run_address>
         <size>0x0</size>
         <contents>
         </contents>
      </logical_group>
      <logical_group id="lg-1b">
         <name>.int12</name>
         <run_address>0x0</run_address>
         <size>0x0</size>
         <contents>
         </contents>
      </logical_group>
      <logical_group id="lg-1c">
         <name>.int13</name>
         <run_address>0x0</run_address>
         <size>0x0</size>
         <contents>
         </contents>
      </logical_group>
      <logical_group id="lg-1d">
         <name>.int14</name>
         <run_address>0x0</run_address>
         <size>0x0</size>
         <contents>
         </contents>
      </logical_group>
      <logical_group id="lg-1e">
         <name>.int15</name>
         <run_address>0x0</run_address>
         <size>0x0</size>
         <contents>
         </contents>
      </logical_group>
      <logical_group id="lg-1f">
         <name>.int16</name>
         <run_address>0x0</run_address>
         <size>0x0</size>
         <contents>
         </contents>
      </logical_group>
      <logical_group id="lg-20">
         <name>.int17</name>
         <run_address>0x0</run_address>
         <size>0x0</size>
         <contents>
         </contents>
      </logical_group>
      <logical_group id="lg-21">
         <name>.int18</name>
         <run_address>0x0</run_address>
         <size>0x0</size>
         <contents>
         </contents>
      </logical_group>
      <logical_group id="lg-22">
         <name>.int19</name>
         <run_address>0x0</run_address>
         <size>0x0</size>
         <contents>
         </contents>
      </logical_group>
      <logical_group id="lg-23">
         <name>.int20</name>
         <run_address>0x0</run_address>
         <size>0x0</size>
         <contents>
         </contents>
      </logical_group>
      <logical_group id="lg-24">
         <name>.int21</name>
         <run_address>0x0</run_address>
         <size>0x0</size>
         <contents>
         </contents>
      </logical_group>
      <logical_group id="lg-25">
         <name>.int22</name>
         <run_address>0x0</run_address>
         <size>0x0</size>
         <contents>
         </contents>
      </logical_group>
      <logical_group id="lg-26">
         <name>.int23</name>
         <run_address>0x0</run_address>
         <size>0x0</size>
         <contents>
         </contents>
      </logical_group>
      <logical_group id="lg-27">
         <name>.int24</name>
         <run_address>0x0</run_address>
         <size>0x0</size>
         <contents>
         </contents>
      </logical_group>
      <logical_group id="lg-28">
         <name>.int25</name>
         <run_address>0x0</run_address>
         <size>0x0</size>
         <contents>
         </contents>
      </logical_group>
      <logical_group id="lg-29">
         <name>.int26</name>
         <run_address>0x0</run_address>
         <size>0x0</size>
         <contents>
         </contents>
      </logical_group>
      <logical_group id="lg-2a">
         <name>.int27</name>
         <run_address>0x0</run_address>
         <size>0x0</size>
         <contents>
         </contents>
      </logical_group>
      <logical_group id="lg-2b">
         <name>.int28</name>
         <run_address>0x0</run_address>
         <size>0x0</size>
         <contents>
         </contents>
      </logical_group>
      <logical_group id="lg-2c">
         <name>.int29</name>
         <run_address>0x0</run_address>
         <size>0x0</size>
         <contents>
         </contents>
      </logical_group>
      <logical_group id="lg-2d">
         <name>.int30</name>
         <run_address>0x0</run_address>
         <size>0x0</size>
         <contents>
         </contents>
      </logical_group>
      <logical_group id="lg-2e">
         <name>.int31</name>
         <run_address>0x0</run_address>
         <size>0x0</size>
         <contents>
         </contents>
      </logical_group>
      <logical_group id="lg-2f">
         <name>.int32</name>
         <run_address>0x0</run_address>
         <size>0x0</size>
         <contents>
         </contents>
      </logical_group>
      <logical_group id="lg-30">
         <name>.int33</name>
         <run_address>0x0</run_address>
         <size>0x0</size>
         <contents>
         </contents>
      </logical_group>
      <logical_group id="lg-31">
         <name>.int34</name>
         <run_address>0x0</run_address>
         <size>0x0</size>
         <contents>
         </contents>
      </logical_group>
      <logical_group id="lg-32">
         <name>.int35</name>
         <run_address>0x0</run_address>
         <size>0x0</size>
         <contents>
         </contents>
      </logical_group>
      <logical_group id="lg-33">
         <name>.int36</name>
         <run_address>0x0</run_address>
         <size>0x0</size>
         <contents>
         </contents>
      </logical_group>
      <logical_group id="lg-34">
         <name>.int37</name>
         <run_address>0x0</run_address>
         <size>0x0</size>
         <contents>
         </contents>
      </logical_group>
      <logical_group id="lg-35">
         <name>.int38</name>
         <run_address>0x0</run_address>
         <size>0x0</size>
         <contents>
         </contents>
      </logical_group>
      <logical_group id="lg-36">
         <name>.int39</name>
         <run_address>0x0</run_address>
         <size>0x0</size>
         <contents>
         </contents>
      </logical_group>
      <logical_group id="lg-37">
         <name>.int40</name>
         <run_address>0x0</run_address>
         <size>0x0</size>
         <contents>
         </contents>
      </logical_group>
      <logical_group id="lg-38">
         <name>.int41</name>
         <run_address>0x0</run_address>
         <size>0x0</size>
         <contents>
         </contents>
      </logical_group>
      <logical_group id="lg-39">
         <name>.int42</name>
         <run_address>0x0</run_address>
         <size>0x0</size>
         <contents>
         </contents>
      </logical_group>
      <logical_group id="lg-3a">
         <name>.int43</name>
         <run_address>0x0</run_address>
         <size>0x0</size>
         <contents>
         </contents>
      </logical_group>
      <logical_group id="lg-3b">
         <name>.int44</name>
         <run_address>0x0</run_address>
         <size>0x0</size>
         <contents>
         </contents>
      </logical_group>
      <logical_group id="lg-3c">
         <name>.int45</name>
         <run_address>0x0</run_address>
         <size>0x0</size>
         <contents>
         </contents>
      </logical_group>
      <logical_group id="lg-3d">
         <name>.int46</name>
         <run_address>0x0</run_address>
         <size>0x0</size>
         <contents>
         </contents>
      </logical_group>
      <logical_group id="lg-3e">
         <name>.int47</name>
         <run_address>0x0</run_address>
         <size>0x0</size>
         <contents>
         </contents>
      </logical_group>
      <logical_group id="lg-3f">
         <name>.int48</name>
         <run_address>0x0</run_address>
         <size>0x0</size>
         <contents>
         </contents>
      </logical_group>
      <logical_group id="lg-40">
         <name>.int49</name>
         <run_address>0x0</run_address>
         <size>0x0</size>
         <contents>
         </contents>
      </logical_group>
      <logical_group id="lg-41">
         <name>.int50</name>
         <run_address>0x0</run_address>
         <size>0x0</size>
         <contents>
         </contents>
      </logical_group>
      <logical_group id="lg-42">
         <name>.int51</name>
         <run_address>0x0</run_address>
         <size>0x0</size>
         <contents>
         </contents>
      </logical_group>
      <logical_group id="lg-43">
         <name>.int52</name>
         <run_address>0x0</run_address>
         <size>0x0</size>
         <contents>
         </contents>
      </logical_group>
      <logical_group id="lg-44">
         <name>.int53</name>
         <run_address>0x0</run_address>
         <size>0x0</size>
         <contents>
         </contents>
      </logical_group>
      <logical_group id="lg-45">
         <name>.int54</name>
         <run_address>0x0</run_address>
         <size>0x0</size>
         <contents>
         </contents>
      </logical_group>
      <logical_group id="lg-46">
         <name>.int55</name>
         <run_address>0x0</run_address>
         <size>0x0</size>
         <contents>
         </contents>
      </logical_group>
      <logical_group id="lg-47">
         <name>.int56</name>
         <run_address>0x0</run_address>
         <size>0x0</size>
         <contents>
         </contents>
      </logical_group>
      <logical_group id="lg-48">
         <name>.int57</name>
         <run_address>0x0</run_address>
         <size>0x0</size>
         <contents>
         </contents>
      </logical_group>
      <logical_group id="lg-49">
         <name>.int58</name>
         <run_address>0x0</run_address>
         <size>0x0</size>
         <contents>
         </contents>
      </logical_group>
      <logical_group id="lg-4a">
         <name>.int59</name>
         <run_address>0x0</run_address>
         <size>0x0</size>
         <contents>
         </contents>
      </logical_group>
      <logical_group id="lg-4b">
         <name>.int60</name>
         <run_address>0x0</run_address>
         <size>0x0</size>
         <contents>
         </contents>
      </logical_group>
      <logical_group id="lg-4c">
         <name>.int61</name>
         <run_address>0x0</run_address>
         <size>0x0</size>
         <contents>
         </contents>
      </logical_group>
      <logical_group id="lg-4d">
         <name>.int62</name>
         <run_address>0x0</run_address>
         <size>0x0</size>
         <contents>
         </contents>
      </logical_group>
      <logical_group id="lg-4e">
         <name>.reset</name>
         <load_address>0xfffe</load_address>
         <run_address>0xfffe</run_address>
         <size>0x2</size>
         <contents>
            <object_component_ref idref="oc-60"/>
         </contents>
      </logical_group>
      <logical_group id="lg-e4">
         <name>.debug_info</name>
         <load_address>0x0</load_address>
         <run_address>0x0</run_address>
         <size>0x3426</size>
         <contents>
            <object_component_ref idref="oc-50"/>
            <object_component_ref idref="oc-54"/>
            <object_component_ref idref="oc-58"/>
            <object_component_ref idref="oc-5e"/>
            <object_component_ref idref="oc-63"/>
            <object_component_ref idref="oc-66"/>
            <object_component_ref idref="oc-69"/>
            <object_component_ref idref="oc-6c"/>
            <object_component_ref idref="oc-6f"/>
            <object_component_ref idref="oc-73"/>
            <object_component_ref idref="oc-77"/>
            <object_component_ref idref="oc-7b"/>
            <object_component_ref idref="oc-7e"/>
            <object_component_ref idref="oc-81"/>
            <object_component_ref idref="oc-84"/>
            <object_component_ref idref="oc-87"/>
            <object_component_ref idref="oc-ee"/>
         </contents>
      </logical_group>
      <logical_group id="lg-e6">
         <name>.debug_frame</name>
         <load_address>0x0</load_address>
         <run_address>0x0</run_address>
         <size>0x196</size>
         <contents>
            <object_component_ref idref="oc-51"/>
            <object_component_ref idref="oc-55"/>
            <object_component_ref idref="oc-5a"/>
         </contents>
      </logical_group>
      <logical_group id="lg-e8">
         <name>.debug_line</name>
         <load_address>0x0</load_address>
         <run_address>0x0</run_address>
         <size>0x4dd</size>
         <contents>
            <object_component_ref idref="oc-52"/>
            <object_component_ref idref="oc-56"/>
            <object_component_ref idref="oc-5b"/>
            <object_component_ref idref="oc-61"/>
            <object_component_ref idref="oc-64"/>
            <object_component_ref idref="oc-67"/>
            <object_component_ref idref="oc-6a"/>
            <object_component_ref idref="oc-6d"/>
            <object_component_ref idref="oc-70"/>
            <object_component_ref idref="oc-74"/>
            <object_component_ref idref="oc-78"/>
            <object_component_ref idref="oc-7c"/>
            <object_component_ref idref="oc-7f"/>
            <object_component_ref idref="oc-82"/>
            <object_component_ref idref="oc-85"/>
            <object_component_ref idref="oc-88"/>
         </contents>
      </logical_group>
      <logical_group id="lg-ea">
         <name>.debug_abbrev</name>
         <load_address>0x0</load_address>
         <run_address>0x0</run_address>
         <size>0xb87</size>
         <contents>
            <object_component_ref idref="oc-53"/>
            <object_component_ref idref="oc-57"/>
            <object_component_ref idref="oc-5c"/>
            <object_component_ref idref="oc-62"/>
            <object_component_ref idref="oc-65"/>
            <object_component_ref idref="oc-68"/>
            <object_component_ref idref="oc-6b"/>
            <object_component_ref idref="oc-6e"/>
            <object_component_ref idref="oc-71"/>
            <object_component_ref idref="oc-75"/>
            <object_component_ref idref="oc-79"/>
            <object_component_ref idref="oc-7d"/>
            <object_component_ref idref="oc-80"/>
            <object_component_ref idref="oc-83"/>
            <object_component_ref idref="oc-86"/>
            <object_component_ref idref="oc-89"/>
            <object_component_ref idref="oc-ef"/>
         </contents>
      </logical_group>
   </logical_group_list>
   <placement_map>
      <memory_area>
         <name>SFR</name>
         <page_id>0x0</page_id>
         <origin>0x0</origin>
         <length>0x10</length>
         <used_space>0x0</used_space>
         <unused_space>0x10</unused_space>
         <attributes>RWIX</attributes>
         <usage_details>
         </usage_details>
      </memory_area>
      <memory_area>
         <name>PERIPHERALS_8BIT</name>
         <page_id>0x0</page_id>
         <origin>0x10</origin>
         <length>0xf0</length>
         <used_space>0x0</used_space>
         <unused_space>0xf0</unused_space>
         <attributes>RWIX</attributes>
         <usage_details>
         </usage_details>
      </memory_area>
      <memory_area>
         <name>PERIPHERALS_16BIT</name>
         <page_id>0x0</page_id>
         <origin>0x100</origin>
         <length>0x100</length>
         <used_space>0x0</used_space>
         <unused_space>0x100</unused_space>
         <attributes>RWIX</attributes>
         <usage_details>
         </usage_details>
      </memory_area>
      <memory_area>
         <name>INFOD</name>
         <page_id>0x0</page_id>
         <origin>0x1800</origin>
         <length>0x80</length>
         <used_space>0x0</used_space>
         <unused_space>0x80</unused_space>
         <attributes>RWIX</attributes>
         <usage_details>
         </usage_details>
      </memory_area>
      <memory_area>
         <name>INFOC</name>
         <page_id>0x0</page_id>
         <origin>0x1880</origin>
         <length>0x80</length>
         <used_space>0x0</used_space>
         <unused_space>0x80</unused_space>
         <attributes>RWIX</attributes>
         <usage_details>
         </usage_details>
      </memory_area>
      <memory_area>
         <name>INFOB</name>
         <page_id>0x0</page_id>
         <origin>0x1900</origin>
         <length>0x80</length>
         <used_space>0x0</used_space>
         <unused_space>0x80</unused_space>
         <attributes>RWIX</attributes>
         <usage_details>
         </usage_details>
      </memory_area>
      <memory_area>
         <name>INFOA</name>
         <page_id>0x0</page_id>
         <origin>0x1980</origin>
         <length>0x80</length>
         <used_space>0x0</used_space>
         <unused_space>0x80</unused_space>
         <attributes>RWIX</attributes>
         <usage_details>
         </usage_details>
      </memory_area>
      <memory_area>
         <name>RAM</name>
         <page_id>0x0</page_id>
         <origin>0x2400</origin>
         <length>0x4000</length>
         <used_space>0xb0</used_space>
         <unused_space>0x3f50</unused_space>
         <attributes>RWIX</attributes>
         <usage_details>
            <allocated_space>
               <start_address>0x2400</start_address>
               <size>0x10</size>
               <logical_group_ref idref="lg-2"/>
            </allocated_space>
            <available_space>
               <start_address>0x2410</start_address>
               <size>0x3f50</size>
            </available_space>
            <allocated_space>
               <start_address>0x6360</start_address>
               <size>0xa0</size>
               <logical_group_ref idref="lg-4"/>
            </allocated_space>
         </usage_details>
      </memory_area>
      <memory_area>
         <name>FLASH</name>
         <page_id>0x0</page_id>
         <origin>0x8000</origin>
         <length>0x7f80</length>
         <used_space>0x17d4</used_space>
         <unused_space>0x67ac</unused_space>
         <attributes>RWIX</attributes>
         <usage_details>
            <allocated_space>
               <start_address>0x8000</start_address>
               <size>0x22</size>
               <logical_group_ref idref="lg-6"/>
            </allocated_space>
            <allocated_space>
               <start_address>0x8022</start_address>
               <size>0x1050</size>
               <logical_group_ref idref="lg-8"/>
            </allocated_space>
            <allocated_space>
               <start_address>0x9072</start_address>
               <size>0x762</size>
               <logical_group_ref idref="lg-ed"/>
            </allocated_space>
            <available_space>
               <start_address>0x97d4</start_address>
               <size>0x67ac</size>
            </available_space>
         </usage_details>
      </memory_area>
      <memory_area>
         <name>INT00</name>
         <page_id>0x0</page_id>
         <origin>0xff80</origin>
         <length>0x2</length>
         <used_space>0x0</used_space>
         <unused_space>0x2</unused_space>
         <attributes>RWIX</attributes>
         <usage_details>
         </usage_details>
      </memory_area>
      <memory_area>
         <name>INT01</name>
         <page_id>0x0</page_id>
         <origin>0xff82</origin>
         <length>0x2</length>
         <used_space>0x0</used_space>
         <unused_space>0x2</unused_space>
         <attributes>RWIX</attributes>
         <usage_details>
         </usage_details>
      </memory_area>
      <memory_area>
         <name>INT02</name>
         <page_id>0x0</page_id>
         <origin>0xff84</origin>
         <length>0x2</length>
         <used_space>0x0</used_space>
         <unused_space>0x2</unused_space>
         <attributes>RWIX</attributes>
         <usage_details>
         </usage_details>
      </memory_area>
      <memory_area>
         <name>INT03</name>
         <page_id>0x0</page_id>
         <origin>0xff86</origin>
         <length>0x2</length>
         <used_space>0x0</used_space>
         <unused_space>0x2</unused_space>
         <attributes>RWIX</attributes>
         <usage_details>
         </usage_details>
      </memory_area>
      <memory_area>
         <name>INT04</name>
         <page_id>0x0</page_id>
         <origin>0xff88</origin>
         <length>0x2</length>
         <used_space>0x0</used_space>
         <unused_space>0x2</unused_space>
         <attributes>RWIX</attributes>
         <usage_details>
         </usage_details>
      </memory_area>
      <memory_area>
         <name>INT05</name>
         <page_id>0x0</page_id>
         <origin>0xff8a</origin>
         <length>0x2</length>
         <used_space>0x0</used_space>
         <unused_space>0x2</unused_space>
         <attributes>RWIX</attributes>
         <usage_details>
         </usage_details>
      </memory_area>
      <memory_area>
         <name>INT06</name>
         <page_id>0x0</page_id>
         <origin>0xff8c</origin>
         <length>0x2</length>
         <used_space>0x0</used_space>
         <unused_space>0x2</unused_space>
         <attributes>RWIX</attributes>
         <usage_details>
         </usage_details>
      </memory_area>
      <memory_area>
         <name>INT07</name>
         <page_id>0x0</page_id>
         <origin>0xff8e</origin>
         <length>0x2</length>
         <used_space>0x0</used_space>
         <unused_space>0x2</unused_space>
         <attributes>RWIX</attributes>
         <usage_details>
         </usage_details>
      </memory_area>
      <memory_area>
         <name>INT08</name>
         <page_id>0x0</page_id>
         <origin>0xff90</origin>
         <length>0x2</length>
         <used_space>0x0</used_space>
         <unused_space>0x2</unused_space>
         <attributes>RWIX</attributes>
         <usage_details>
         </usage_details>
      </memory_area>
      <memory_area>
         <name>INT09</name>
         <page_id>0x0</page_id>
         <origin>0xff92</origin>
         <length>0x2</length>
         <used_space>0x0</used_space>
         <unused_space>0x2</unused_space>
         <attributes>RWIX</attributes>
         <usage_details>
         </usage_details>
      </memory_area>
      <memory_area>
         <name>INT10</name>
         <page_id>0x0</page_id>
         <origin>0xff94</origin>
         <length>0x2</length>
         <used_space>0x0</used_space>
         <unused_space>0x2</unused_space>
         <attributes>RWIX</attributes>
         <usage_details>
         </usage_details>
      </memory_area>
      <memory_area>
         <name>INT11</name>
         <page_id>0x0</page_id>
         <origin>0xff96</origin>
         <length>0x2</length>
         <used_space>0x0</used_space>
         <unused_space>0x2</unused_space>
         <attributes>RWIX</attributes>
         <usage_details>
         </usage_details>
      </memory_area>
      <memory_area>
         <name>INT12</name>
         <page_id>0x0</page_id>
         <origin>0xff98</origin>
         <length>0x2</length>
         <used_space>0x0</used_space>
         <unused_space>0x2</unused_space>
         <attributes>RWIX</attributes>
         <usage_details>
         </usage_details>
      </memory_area>
      <memory_area>
         <name>INT13</name>
         <page_id>0x0</page_id>
         <origin>0xff9a</origin>
         <length>0x2</length>
         <used_space>0x0</used_space>
         <unused_space>0x2</unused_space>
         <attributes>RWIX</attributes>
         <usage_details>
         </usage_details>
      </memory_area>
      <memory_area>
         <name>INT14</name>
         <page_id>0x0</page_id>
         <origin>0xff9c</origin>
         <length>0x2</length>
         <used_space>0x0</used_space>
         <unused_space>0x2</unused_space>
         <attributes>RWIX</attributes>
         <usage_details>
         </usage_details>
      </memory_area>
      <memory_area>
         <name>INT15</name>
         <page_id>0x0</page_id>
         <origin>0xff9e</origin>
         <length>0x2</length>
         <used_space>0x0</used_space>
         <unused_space>0x2</unused_space>
         <attributes>RWIX</attributes>
         <usage_details>
         </usage_details>
      </memory_area>
      <memory_area>
         <name>INT16</name>
         <page_id>0x0</page_id>
         <origin>0xffa0</origin>
         <length>0x2</length>
         <used_space>0x0</used_space>
         <unused_space>0x2</unused_space>
         <attributes>RWIX</attributes>
         <usage_details>
         </usage_details>
      </memory_area>
      <memory_area>
         <name>INT17</name>
         <page_id>0x0</page_id>
         <origin>0xffa2</origin>
         <length>0x2</length>
         <used_space>0x0</used_space>
         <unused_space>0x2</unused_space>
         <attributes>RWIX</attributes>
         <usage_details>
         </usage_details>
      </memory_area>
      <memory_area>
         <name>INT18</name>
         <page_id>0x0</page_id>
         <origin>0xffa4</origin>
         <length>0x2</length>
         <used_space>0x0</used_space>
         <unused_space>0x2</unused_space>
         <attributes>RWIX</attributes>
         <usage_details>
         </usage_details>
      </memory_area>
      <memory_area>
         <name>INT19</name>
         <page_id>0x0</page_id>
         <origin>0xffa6</origin>
         <length>0x2</length>
         <used_space>0x0</used_space>
         <unused_space>0x2</unused_space>
         <attributes>RWIX</attributes>
         <usage_details>
         </usage_details>
      </memory_area>
      <memory_area>
         <name>INT20</name>
         <page_id>0x0</page_id>
         <origin>0xffa8</origin>
         <length>0x2</length>
         <used_space>0x0</used_space>
         <unused_space>0x2</unused_space>
         <attributes>RWIX</attributes>
         <usage_details>
         </usage_details>
      </memory_area>
      <memory_area>
         <name>INT21</name>
         <page_id>0x0</page_id>
         <origin>0xffaa</origin>
         <length>0x2</length>
         <used_space>0x0</used_space>
         <unused_space>0x2</unused_space>
         <attributes>RWIX</attributes>
         <usage_details>
         </usage_details>
      </memory_area>
      <memory_area>
         <name>INT22</name>
         <page_id>0x0</page_id>
         <origin>0xffac</origin>
         <length>0x2</length>
         <used_space>0x0</used_space>
         <unused_space>0x2</unused_space>
         <attributes>RWIX</attributes>
         <usage_details>
         </usage_details>
      </memory_area>
      <memory_area>
         <name>INT23</name>
         <page_id>0x0</page_id>
         <origin>0xffae</origin>
         <length>0x2</length>
         <used_space>0x0</used_space>
         <unused_space>0x2</unused_space>
         <attributes>RWIX</attributes>
         <usage_details>
         </usage_details>
      </memory_area>
      <memory_area>
         <name>INT24</name>
         <page_id>0x0</page_id>
         <origin>0xffb0</origin>
         <length>0x2</length>
         <used_space>0x0</used_space>
         <unused_space>0x2</unused_space>
         <attributes>RWIX</attributes>
         <usage_details>
         </usage_details>
      </memory_area>
      <memory_area>
         <name>INT25</name>
         <page_id>0x0</page_id>
         <origin>0xffb2</origin>
         <length>0x2</length>
         <used_space>0x0</used_space>
         <unused_space>0x2</unused_space>
         <attributes>RWIX</attributes>
         <usage_details>
         </usage_details>
      </memory_area>
      <memory_area>
         <name>INT26</name>
         <page_id>0x0</page_id>
         <origin>0xffb4</origin>
         <length>0x2</length>
         <used_space>0x0</used_space>
         <unused_space>0x2</unused_space>
         <attributes>RWIX</attributes>
         <usage_details>
         </usage_details>
      </memory_area>
      <memory_area>
         <name>INT27</name>
         <page_id>0x0</page_id>
         <origin>0xffb6</origin>
         <length>0x2</length>
         <used_space>0x0</used_space>
         <unused_space>0x2</unused_space>
         <attributes>RWIX</attributes>
         <usage_details>
         </usage_details>
      </memory_area>
      <memory_area>
         <name>INT28</name>
         <page_id>0x0</page_id>
         <origin>0xffb8</origin>
         <length>0x2</length>
         <used_space>0x0</used_space>
         <unused_space>0x2</unused_space>
         <attributes>RWIX</attributes>
         <usage_details>
         </usage_details>
      </memory_area>
      <memory_area>
         <name>INT29</name>
         <page_id>0x0</page_id>
         <origin>0xffba</origin>
         <length>0x2</length>
         <used_space>0x0</used_space>
         <unused_space>0x2</unused_space>
         <attributes>RWIX</attributes>
         <usage_details>
         </usage_details>
      </memory_area>
      <memory_area>
         <name>INT30</name>
         <page_id>0x0</page_id>
         <origin>0xffbc</origin>
         <length>0x2</length>
         <used_space>0x0</used_space>
         <unused_space>0x2</unused_space>
         <attributes>RWIX</attributes>
         <usage_details>
         </usage_details>
      </memory_area>
      <memory_area>
         <name>INT31</name>
         <page_id>0x0</page_id>
         <origin>0xffbe</origin>
         <length>0x2</length>
         <used_space>0x0</used_space>
         <unused_space>0x2</unused_space>
         <attributes>RWIX</attributes>
         <usage_details>
         </usage_details>
      </memory_area>
      <memory_area>
         <name>INT32</name>
         <page_id>0x0</page_id>
         <origin>0xffc0</origin>
         <length>0x2</length>
         <used_space>0x0</used_space>
         <unused_space>0x2</unused_space>
         <attributes>RWIX</attributes>
         <usage_details>
         </usage_details>
      </memory_area>
      <memory_area>
         <name>INT33</name>
         <page_id>0x0</page_id>
         <origin>0xffc2</origin>
         <length>0x2</length>
         <used_space>0x0</used_space>
         <unused_space>0x2</unused_space>
         <attributes>RWIX</attributes>
         <usage_details>
         </usage_details>
      </memory_area>
      <memory_area>
         <name>INT34</name>
         <page_id>0x0</page_id>
         <origin>0xffc4</origin>
         <length>0x2</length>
         <used_space>0x0</used_space>
         <unused_space>0x2</unused_space>
         <attributes>RWIX</attributes>
         <usage_details>
         </usage_details>
      </memory_area>
      <memory_area>
         <name>INT35</name>
         <page_id>0x0</page_id>
         <origin>0xffc6</origin>
         <length>0x2</length>
         <used_space>0x0</used_space>
         <unused_space>0x2</unused_space>
         <attributes>RWIX</attributes>
         <usage_details>
         </usage_details>
      </memory_area>
      <memory_area>
         <name>INT36</name>
         <page_id>0x0</page_id>
         <origin>0xffc8</origin>
         <length>0x2</length>
         <used_space>0x0</used_space>
         <unused_space>0x2</unused_space>
         <attributes>RWIX</attributes>
         <usage_details>
         </usage_details>
      </memory_area>
      <memory_area>
         <name>INT37</name>
         <page_id>0x0</page_id>
         <origin>0xffca</origin>
         <length>0x2</length>
         <used_space>0x0</used_space>
         <unused_space>0x2</unused_space>
         <attributes>RWIX</attributes>
         <usage_details>
         </usage_details>
      </memory_area>
      <memory_area>
         <name>INT38</name>
         <page_id>0x0</page_id>
         <origin>0xffcc</origin>
         <length>0x2</length>
         <used_space>0x0</used_space>
         <unused_space>0x2</unused_space>
         <attributes>RWIX</attributes>
         <usage_details>
         </usage_details>
      </memory_area>
      <memory_area>
         <name>INT39</name>
         <page_id>0x0</page_id>
         <origin>0xffce</origin>
         <length>0x2</length>
         <used_space>0x0</used_space>
         <unused_space>0x2</unused_space>
         <attributes>RWIX</attributes>
         <usage_details>
         </usage_details>
      </memory_area>
      <memory_area>
         <name>INT40</name>
         <page_id>0x0</page_id>
         <origin>0xffd0</origin>
         <length>0x2</length>
         <used_space>0x0</used_space>
         <unused_space>0x2</unused_space>
         <attributes>RWIX</attributes>
         <usage_details>
         </usage_details>
      </memory_area>
      <memory_area>
         <name>INT41</name>
         <page_id>0x0</page_id>
         <origin>0xffd2</origin>
         <length>0x2</length>
         <used_space>0x0</used_space>
         <unused_space>0x2</unused_space>
         <attributes>RWIX</attributes>
         <usage_details>
         </usage_details>
      </memory_area>
      <memory_area>
         <name>INT42</name>
         <page_id>0x0</page_id>
         <origin>0xffd4</origin>
         <length>0x2</length>
         <used_space>0x0</used_space>
         <unused_space>0x2</unused_space>
         <attributes>RWIX</attributes>
         <usage_details>
         </usage_details>
      </memory_area>
      <memory_area>
         <name>INT43</name>
         <page_id>0x0</page_id>
         <origin>0xffd6</origin>
         <length>0x2</length>
         <used_space>0x0</used_space>
         <unused_space>0x2</unused_space>
         <attributes>RWIX</attributes>
         <usage_details>
         </usage_details>
      </memory_area>
      <memory_area>
         <name>INT44</name>
         <page_id>0x0</page_id>
         <origin>0xffd8</origin>
         <length>0x2</length>
         <used_space>0x0</used_space>
         <unused_space>0x2</unused_space>
         <attributes>RWIX</attributes>
         <usage_details>
         </usage_details>
      </memory_area>
      <memory_area>
         <name>INT45</name>
         <page_id>0x0</page_id>
         <origin>0xffda</origin>
         <length>0x2</length>
         <used_space>0x0</used_space>
         <unused_space>0x2</unused_space>
         <attributes>RWIX</attributes>
         <usage_details>
         </usage_details>
      </memory_area>
      <memory_area>
         <name>INT46</name>
         <page_id>0x0</page_id>
         <origin>0xffdc</origin>
         <length>0x2</length>
         <used_space>0x0</used_space>
         <unused_space>0x2</unused_space>
         <attributes>RWIX</attributes>
         <usage_details>
         </usage_details>
      </memory_area>
      <memory_area>
         <name>INT47</name>
         <page_id>0x0</page_id>
         <origin>0xffde</origin>
         <length>0x2</length>
         <used_space>0x0</used_space>
         <unused_space>0x2</unused_space>
         <attributes>RWIX</attributes>
         <usage_details>
         </usage_details>
      </memory_area>
      <memory_area>
         <name>INT48</name>
         <page_id>0x0</page_id>
         <origin>0xffe0</origin>
         <length>0x2</length>
         <used_space>0x0</used_space>
         <unused_space>0x2</unused_space>
         <attributes>RWIX</attributes>
         <usage_details>
         </usage_details>
      </memory_area>
      <memory_area>
         <name>INT49</name>
         <page_id>0x0</page_id>
         <origin>0xffe2</origin>
         <length>0x2</length>
         <used_space>0x0</used_space>
         <unused_space>0x2</unused_space>
         <attributes>RWIX</attributes>
         <usage_details>
         </usage_details>
      </memory_area>
      <memory_area>
         <name>INT50</name>
         <page_id>0x0</page_id>
         <origin>0xffe4</origin>
         <length>0x2</length>
         <used_space>0x0</used_space>
         <unused_space>0x2</unused_space>
         <attributes>RWIX</attributes>
         <usage_details>
         </usage_details>
      </memory_area>
      <memory_area>
         <name>INT51</name>
         <page_id>0x0</page_id>
         <origin>0xffe6</origin>
         <length>0x2</length>
         <used_space>0x0</used_space>
         <unused_space>0x2</unused_space>
         <attributes>RWIX</attributes>
         <usage_details>
         </usage_details>
      </memory_area>
      <memory_area>
         <name>INT52</name>
         <page_id>0x0</page_id>
         <origin>0xffe8</origin>
         <length>0x2</length>
         <used_space>0x0</used_space>
         <unused_space>0x2</unused_space>
         <attributes>RWIX</attributes>
         <usage_details>
         </usage_details>
      </memory_area>
      <memory_area>
         <name>INT53</name>
         <page_id>0x0</page_id>
         <origin>0xffea</origin>
         <length>0x2</length>
         <used_space>0x0</used_space>
         <unused_space>0x2</unused_space>
         <attributes>RWIX</attributes>
         <usage_details>
         </usage_details>
      </memory_area>
      <memory_area>
         <name>INT54</name>
         <page_id>0x0</page_id>
         <origin>0xffec</origin>
         <length>0x2</length>
         <used_space>0x0</used_space>
         <unused_space>0x2</unused_space>
         <attributes>RWIX</attributes>
         <usage_details>
         </usage_details>
      </memory_area>
      <memory_area>
         <name>INT55</name>
         <page_id>0x0</page_id>
         <origin>0xffee</origin>
         <length>0x2</length>
         <used_space>0x0</used_space>
         <unused_space>0x2</unused_space>
         <attributes>RWIX</attributes>
         <usage_details>
         </usage_details>
      </memory_area>
      <memory_area>
         <name>INT56</name>
         <page_id>0x0</page_id>
         <origin>0xfff0</origin>
         <length>0x2</length>
         <used_space>0x0</used_space>
         <unused_space>0x2</unused_space>
         <attributes>RWIX</attributes>
         <usage_details>
         </usage_details>
      </memory_area>
      <memory_area>
         <name>INT57</name>
         <page_id>0x0</page_id>
         <origin>0xfff2</origin>
         <length>0x2</length>
         <used_space>0x0</used_space>
         <unused_space>0x2</unused_space>
         <attributes>RWIX</attributes>
         <usage_details>
         </usage_details>
      </memory_area>
      <memory_area>
         <name>INT58</name>
         <page_id>0x0</page_id>
         <origin>0xfff4</origin>
         <length>0x2</length>
         <used_space>0x0</used_space>
         <unused_space>0x2</unused_space>
         <attributes>RWIX</attributes>
         <usage_details>
         </usage_details>
      </memory_area>
      <memory_area>
         <name>INT59</name>
         <page_id>0x0</page_id>
         <origin>0xfff6</origin>
         <length>0x2</length>
         <used_space>0x0</used_space>
         <unused_space>0x2</unused_space>
         <attributes>RWIX</attributes>
         <usage_details>
         </usage_details>
      </memory_area>
      <memory_area>
         <name>INT60</name>
         <page_id>0x0</page_id>
         <origin>0xfff8</origin>
         <length>0x2</length>
         <used_space>0x0</used_space>
         <unused_space>0x2</unused_space>
         <attributes>RWIX</attributes>
         <usage_details>
         </usage_details>
      </memory_area>
      <memory_area>
         <name>INT61</name>
         <page_id>0x0</page_id>
         <origin>0xfffa</origin>
         <length>0x2</length>
         <used_space>0x0</used_space>
         <unused_space>0x2</unused_space>
         <attributes>RWIX</attributes>
         <usage_details>
         </usage_details>
      </memory_area>
      <memory_area>
         <name>INT62</name>
         <page_id>0x0</page_id>
         <origin>0xfffc</origin>
         <length>0x2</length>
         <used_space>0x0</used_space>
         <unused_space>0x2</unused_space>
         <attributes>RWIX</attributes>
         <usage_details>
         </usage_details>
      </memory_area>
      <memory_area>
         <name>RESET</name>
         <page_id>0x0</page_id>
         <origin>0xfffe</origin>
         <length>0x2</length>
         <used_space>0x2</used_space>
         <unused_space>0x0</unused_space>
         <attributes>RWIX</attributes>
         <usage_details>
            <allocated_space>
               <start_address>0xfffe</start_address>
               <size>0x2</size>
               <logical_group_ref idref="lg-4e"/>
            </allocated_space>
         </usage_details>
      </memory_area>
      <memory_area>
         <name>FLASH2</name>
         <page_id>0x0</page_id>
         <origin>0x10000</origin>
         <length>0x38000</length>
         <used_space>0x0</used_space>
         <unused_space>0x38000</unused_space>
         <attributes>RWIX</attributes>
         <usage_details>
         </usage_details>
      </memory_area>
   </placement_map>
   <symbol_table>
      <symbol id="sm-0">
         <name>ADC12CTL0</name>
         <value>0x700</value>
      </symbol>
      <symbol id="sm-1">
         <name>ADC12CTL0_L</name>
         <value>0x700</value>
      </symbol>
      <symbol id="sm-2">
         <name>ADC12CTL0_H</name>
         <value>0x701</value>
      </symbol>
      <symbol id="sm-3">
         <name>ADC12CTL1</name>
         <value>0x702</value>
      </symbol>
      <symbol id="sm-4">
         <name>ADC12CTL1_L</name>
         <value>0x702</value>
      </symbol>
      <symbol id="sm-5">
         <name>ADC12CTL1_H</name>
         <value>0x703</value>
      </symbol>
      <symbol id="sm-6">
         <name>ADC12CTL2</name>
         <value>0x704</value>
      </symbol>
      <symbol id="sm-7">
         <name>ADC12CTL2_L</name>
         <value>0x704</value>
      </symbol>
      <symbol id="sm-8">
         <name>ADC12CTL2_H</name>
         <value>0x705</value>
      </symbol>
      <symbol id="sm-9">
         <name>ADC12IFG</name>
         <value>0x70a</value>
      </symbol>
      <symbol id="sm-a">
         <name>ADC12IFG_L</name>
         <value>0x70a</value>
      </symbol>
      <symbol id="sm-b">
         <name>ADC12IFG_H</name>
         <value>0x70b</value>
      </symbol>
      <symbol id="sm-c">
         <name>ADC12IE</name>
         <value>0x70c</value>
      </symbol>
      <symbol id="sm-d">
         <name>ADC12IE_L</name>
         <value>0x70c</value>
      </symbol>
      <symbol id="sm-e">
         <name>ADC12IE_H</name>
         <value>0x70d</value>
      </symbol>
      <symbol id="sm-f">
         <name>ADC12IV</name>
         <value>0x70e</value>
      </symbol>
      <symbol id="sm-10">
         <name>ADC12IV_L</name>
         <value>0x70e</value>
      </symbol>
      <symbol id="sm-11">
         <name>ADC12IV_H</name>
         <value>0x70f</value>
      </symbol>
      <symbol id="sm-12">
         <name>ADC12MEM0</name>
         <value>0x720</value>
      </symbol>
      <symbol id="sm-13">
         <name>ADC12MEM0_L</name>
         <value>0x720</value>
      </symbol>
      <symbol id="sm-14">
         <name>ADC12MEM0_H</name>
         <value>0x721</value>
      </symbol>
      <symbol id="sm-15">
         <name>ADC12MEM1</name>
         <value>0x722</value>
      </symbol>
      <symbol id="sm-16">
         <name>ADC12MEM1_L</name>
         <value>0x722</value>
      </symbol>
      <symbol id="sm-17">
         <name>ADC12MEM1_H</name>
         <value>0x723</value>
      </symbol>
      <symbol id="sm-18">
         <name>ADC12MEM2</name>
         <value>0x724</value>
      </symbol>
      <symbol id="sm-19">
         <name>ADC12MEM2_L</name>
         <value>0x724</value>
      </symbol>
      <symbol id="sm-1a">
         <name>ADC12MEM2_H</name>
         <value>0x725</value>
      </symbol>
      <symbol id="sm-1b">
         <name>ADC12MEM3</name>
         <value>0x726</value>
      </symbol>
      <symbol id="sm-1c">
         <name>ADC12MEM3_L</name>
         <value>0x726</value>
      </symbol>
      <symbol id="sm-1d">
         <name>ADC12MEM3_H</name>
         <value>0x727</value>
      </symbol>
      <symbol id="sm-1e">
         <name>ADC12MEM4</name>
         <value>0x728</value>
      </symbol>
      <symbol id="sm-1f">
         <name>ADC12MEM4_L</name>
         <value>0x728</value>
      </symbol>
      <symbol id="sm-20">
         <name>ADC12MEM4_H</name>
         <value>0x729</value>
      </symbol>
      <symbol id="sm-21">
         <name>ADC12MEM5</name>
         <value>0x72a</value>
      </symbol>
      <symbol id="sm-22">
         <name>ADC12MEM5_L</name>
         <value>0x72a</value>
      </symbol>
      <symbol id="sm-23">
         <name>ADC12MEM5_H</name>
         <value>0x72b</value>
      </symbol>
      <symbol id="sm-24">
         <name>ADC12MEM6</name>
         <value>0x72c</value>
      </symbol>
      <symbol id="sm-25">
         <name>ADC12MEM6_L</name>
         <value>0x72c</value>
      </symbol>
      <symbol id="sm-26">
         <name>ADC12MEM6_H</name>
         <value>0x72d</value>
      </symbol>
      <symbol id="sm-27">
         <name>ADC12MEM7</name>
         <value>0x72e</value>
      </symbol>
      <symbol id="sm-28">
         <name>ADC12MEM7_L</name>
         <value>0x72e</value>
      </symbol>
      <symbol id="sm-29">
         <name>ADC12MEM7_H</name>
         <value>0x72f</value>
      </symbol>
      <symbol id="sm-2a">
         <name>ADC12MEM8</name>
         <value>0x730</value>
      </symbol>
      <symbol id="sm-2b">
         <name>ADC12MEM8_L</name>
         <value>0x730</value>
      </symbol>
      <symbol id="sm-2c">
         <name>ADC12MEM8_H</name>
         <value>0x731</value>
      </symbol>
      <symbol id="sm-2d">
         <name>ADC12MEM9</name>
         <value>0x732</value>
      </symbol>
      <symbol id="sm-2e">
         <name>ADC12MEM9_L</name>
         <value>0x732</value>
      </symbol>
      <symbol id="sm-2f">
         <name>ADC12MEM9_H</name>
         <value>0x733</value>
      </symbol>
      <symbol id="sm-30">
         <name>ADC12MEM10</name>
         <value>0x734</value>
      </symbol>
      <symbol id="sm-31">
         <name>ADC12MEM10_L</name>
         <value>0x734</value>
      </symbol>
      <symbol id="sm-32">
         <name>ADC12MEM10_H</name>
         <value>0x735</value>
      </symbol>
      <symbol id="sm-33">
         <name>ADC12MEM11</name>
         <value>0x736</value>
      </symbol>
      <symbol id="sm-34">
         <name>ADC12MEM11_L</name>
         <value>0x736</value>
      </symbol>
      <symbol id="sm-35">
         <name>ADC12MEM11_H</name>
         <value>0x737</value>
      </symbol>
      <symbol id="sm-36">
         <name>ADC12MEM12</name>
         <value>0x738</value>
      </symbol>
      <symbol id="sm-37">
         <name>ADC12MEM12_L</name>
         <value>0x738</value>
      </symbol>
      <symbol id="sm-38">
         <name>ADC12MEM12_H</name>
         <value>0x739</value>
      </symbol>
      <symbol id="sm-39">
         <name>ADC12MEM13</name>
         <value>0x73a</value>
      </symbol>
      <symbol id="sm-3a">
         <name>ADC12MEM13_L</name>
         <value>0x73a</value>
      </symbol>
      <symbol id="sm-3b">
         <name>ADC12MEM13_H</name>
         <value>0x73b</value>
      </symbol>
      <symbol id="sm-3c">
         <name>ADC12MEM14</name>
         <value>0x73c</value>
      </symbol>
      <symbol id="sm-3d">
         <name>ADC12MEM14_L</name>
         <value>0x73c</value>
      </symbol>
      <symbol id="sm-3e">
         <name>ADC12MEM14_H</name>
         <value>0x73d</value>
      </symbol>
      <symbol id="sm-3f">
         <name>ADC12MEM15</name>
         <value>0x73e</value>
      </symbol>
      <symbol id="sm-40">
         <name>ADC12MEM15_L</name>
         <value>0x73e</value>
      </symbol>
      <symbol id="sm-41">
         <name>ADC12MEM15_H</name>
         <value>0x73f</value>
      </symbol>
      <symbol id="sm-42">
         <name>ADC12MCTL0</name>
         <value>0x710</value>
      </symbol>
      <symbol id="sm-43">
         <name>ADC12MCTL1</name>
         <value>0x711</value>
      </symbol>
      <symbol id="sm-44">
         <name>ADC12MCTL2</name>
         <value>0x712</value>
      </symbol>
      <symbol id="sm-45">
         <name>ADC12MCTL3</name>
         <value>0x713</value>
      </symbol>
      <symbol id="sm-46">
         <name>ADC12MCTL4</name>
         <value>0x714</value>
      </symbol>
      <symbol id="sm-47">
         <name>ADC12MCTL5</name>
         <value>0x715</value>
      </symbol>
      <symbol id="sm-48">
         <name>ADC12MCTL6</name>
         <value>0x716</value>
      </symbol>
      <symbol id="sm-49">
         <name>ADC12MCTL7</name>
         <value>0x717</value>
      </symbol>
      <symbol id="sm-4a">
         <name>ADC12MCTL8</name>
         <value>0x718</value>
      </symbol>
      <symbol id="sm-4b">
         <name>ADC12MCTL9</name>
         <value>0x719</value>
      </symbol>
      <symbol id="sm-4c">
         <name>ADC12MCTL10</name>
         <value>0x71a</value>
      </symbol>
      <symbol id="sm-4d">
         <name>ADC12MCTL11</name>
         <value>0x71b</value>
      </symbol>
      <symbol id="sm-4e">
         <name>ADC12MCTL12</name>
         <value>0x71c</value>
      </symbol>
      <symbol id="sm-4f">
         <name>ADC12MCTL13</name>
         <value>0x71d</value>
      </symbol>
      <symbol id="sm-50">
         <name>ADC12MCTL14</name>
         <value>0x71e</value>
      </symbol>
      <symbol id="sm-51">
         <name>ADC12MCTL15</name>
         <value>0x71f</value>
      </symbol>
      <symbol id="sm-52">
         <name>BAKMEM0</name>
         <value>0x480</value>
      </symbol>
      <symbol id="sm-53">
         <name>BAKMEM0_L</name>
         <value>0x480</value>
      </symbol>
      <symbol id="sm-54">
         <name>BAKMEM0_H</name>
         <value>0x481</value>
      </symbol>
      <symbol id="sm-55">
         <name>BAKMEM1</name>
         <value>0x482</value>
      </symbol>
      <symbol id="sm-56">
         <name>BAKMEM1_L</name>
         <value>0x482</value>
      </symbol>
      <symbol id="sm-57">
         <name>BAKMEM1_H</name>
         <value>0x483</value>
      </symbol>
      <symbol id="sm-58">
         <name>BAKMEM2</name>
         <value>0x484</value>
      </symbol>
      <symbol id="sm-59">
         <name>BAKMEM2_L</name>
         <value>0x484</value>
      </symbol>
      <symbol id="sm-5a">
         <name>BAKMEM2_H</name>
         <value>0x485</value>
      </symbol>
      <symbol id="sm-5b">
         <name>BAKMEM3</name>
         <value>0x486</value>
      </symbol>
      <symbol id="sm-5c">
         <name>BAKMEM3_L</name>
         <value>0x486</value>
      </symbol>
      <symbol id="sm-5d">
         <name>BAKMEM3_H</name>
         <value>0x487</value>
      </symbol>
      <symbol id="sm-5e">
         <name>BAKCTL</name>
         <value>0x49c</value>
      </symbol>
      <symbol id="sm-5f">
         <name>BAKCTL_L</name>
         <value>0x49c</value>
      </symbol>
      <symbol id="sm-60">
         <name>BAKCTL_H</name>
         <value>0x49d</value>
      </symbol>
      <symbol id="sm-61">
         <name>BAKCHCTL</name>
         <value>0x49e</value>
      </symbol>
      <symbol id="sm-62">
         <name>BAKCHCTL_L</name>
         <value>0x49e</value>
      </symbol>
      <symbol id="sm-63">
         <name>BAKCHCTL_H</name>
         <value>0x49f</value>
      </symbol>
      <symbol id="sm-64">
         <name>CBCTL0</name>
         <value>0x8c0</value>
      </symbol>
      <symbol id="sm-65">
         <name>CBCTL0_L</name>
         <value>0x8c0</value>
      </symbol>
      <symbol id="sm-66">
         <name>CBCTL0_H</name>
         <value>0x8c1</value>
      </symbol>
      <symbol id="sm-67">
         <name>CBCTL1</name>
         <value>0x8c2</value>
      </symbol>
      <symbol id="sm-68">
         <name>CBCTL1_L</name>
         <value>0x8c2</value>
      </symbol>
      <symbol id="sm-69">
         <name>CBCTL1_H</name>
         <value>0x8c3</value>
      </symbol>
      <symbol id="sm-6a">
         <name>CBCTL2</name>
[...]
         <value>0x23a8</value>
      </symbol>
      <symbol id="sm-2f8">
         <name>USBOEPSIZXY_4</name>
         <value>0x23a7</value>
      </symbol>
      <symbol id="sm-2f9">
         <name>USBOEPBCTY_4</name>
         <value>0x23a6</value>
      </symbol>
      <symbol id="sm-2fa">
         <name>USBOEPBBAY_4</name>
         <value>0x23a5</value>
      </symbol>
      <symbol id="sm-2fb">
         <name>USBOEPBCTX_4</name>
         <value>0x23a2</value>
      </symbol>
      <symbol id="sm-2fc">
         <name>USBOEPBBAX_4</name>
         <value>0x23a1</value>
      </symbol>
      <symbol id="sm-2fd">
         <name>USBOEPCNF_4</name>
         <value>0x23a0</value>
      </symbol>
      <symbol id="sm-2fe">
         <name>USBOEPSIZXY_3</name>
         <value>0x239f</value>
      </symbol>
      <symbol id="sm-2ff">
         <name>USBOEPBCTY_3</name>
         <value>0x239e</value>
      </symbol>
      <symbol id="sm-300">
         <name>USBOEPBBAY_3</name>
         <value>0x239d</value>
      </symbol>
      <symbol id="sm-301">
         <name>USBOEPBCTX_3</name>
         <value>0x239a</value>
      </symbol>
      <symbol id="sm-302">
         <name>USBOEPBBAX_3</name>
         <value>0x2399</value>
      </symbol>
      <symbol id="sm-303">
         <name>USBOEPCNF_3</name>
         <value>0x2398</value>
      </symbol>
      <symbol id="sm-304">
         <name>USBOEPSIZXY_2</name>
         <value>0x2397</value>
      </symbol>
      <symbol id="sm-305">
         <name>USBOEPBCTY_2</name>
         <value>0x2396</value>
      </symbol>
      <symbol id="sm-306">
         <name>USBOEPBBAY_2</name>
         <value>0x2395</value>
      </symbol>
      <symbol id="sm-307">
         <name>USBOEPBCTX_2</name>
         <value>0x2392</value>
      </symbol>
      <symbol id="sm-308">
         <name>USBOEPBBAX_2</name>
         <value>0x2391</value>
      </symbol>
      <symbol id="sm-309">
         <name>USBOEPCNF_2</name>
         <value>0x2390</value>
      </symbol>
      <symbol id="sm-30a">
         <name>USBOEPSIZXY_1</name>
         <value>0x238f</value>
      </symbol>
      <symbol id="sm-30b">
         <name>USBOEPBCTY_1</name>
         <value>0x238e</value>
      </symbol>
      <symbol id="sm-30c">
         <name>USBOEPBBAY_1</name>
         <value>0x238d</value>
      </symbol>
      <symbol id="sm-30d">
         <name>USBOEPBCTX_1</name>
         <value>0x238a</value>
      </symbol>
      <symbol id="sm-30e">
         <name>USBOEPBBAX_1</name>
         <value>0x2389</value>
      </symbol>
      <symbol id="sm-30f">
         <name>USBOEPCNF_1</name>
         <value>0x2388</value>
      </symbol>
      <symbol id="sm-310">
         <name>USBSUBLK</name>
         <value>0x2380</value>
      </symbol>
      <symbol id="sm-311">
         <name>USBIEP0BUF</name>
         <value>0x2378</value>
      </symbol>
      <symbol id="sm-312">
         <name>USBOEP0BUF</name>
         <value>0x2370</value>
      </symbol>
      <symbol id="sm-313">
         <name>USBTOPBUFF</name>
         <value>0x236f</value>
      </symbol>
      <symbol id="sm-314">
         <name>USBSTABUFF</name>
         <value>0x1c00</value>
      </symbol>
      <symbol id="sm-315">
         <name>UCSCTL0</name>
         <value>0x160</value>
      </symbol>
      <symbol id="sm-316">
         <name>UCSCTL0_L</name>
         <value>0x160</value>
      </symbol>
      <symbol id="sm-317">
         <name>UCSCTL0_H</name>
         <value>0x161</value>
      </symbol>
      <symbol id="sm-318">
         <name>UCSCTL1</name>
         <value>0x162</value>
      </symbol>
      <symbol id="sm-319">
         <name>UCSCTL1_L</name>
         <value>0x162</value>
      </symbol>
      <symbol id="sm-31a">
         <name>UCSCTL1_H</name>
         <value>0x163</value>
      </symbol>
      <symbol id="sm-31b">
         <name>UCSCTL2</name>
         <value>0x164</value>
      </symbol>
      <symbol id="sm-31c">
         <name>UCSCTL2_L</name>
         <value>0x164</value>
      </symbol>
      <symbol id="sm-31d">
         <name>UCSCTL2_H</name>
         <value>0x165</value>
      </symbol>
      <symbol id="sm-31e">
         <name>UCSCTL3</name>
         <value>0x166</value>
      </symbol>
      <symbol id="sm-31f">
         <name>UCSCTL3_L</name>
         <value>0x166</value>
      </symbol>
      <symbol id="sm-320">
         <name>UCSCTL3_H</name>
         <value>0x167</value>
      </symbol>
      <symbol id="sm-321">
         <name>UCSCTL4</name>
         <value>0x168</value>
      </symbol>
      <symbol id="sm-322">
         <name>UCSCTL4_L</name>
         <value>0x168</value>
      </symbol>
      <symbol id="sm-323">
         <name>UCSCTL4_H</name>
         <value>0x169</value>
      </symbol>
      <symbol id="sm-324">
         <name>UCSCTL5</name>
         <value>0x16a</value>
      </symbol>
      <symbol id="sm-325">
         <name>UCSCTL5_L</name>
         <value>0x16a</value>
      </symbol>
      <symbol id="sm-326">
         <name>UCSCTL5_H</name>
         <value>0x16b</value>
      </symbol>
      <symbol id="sm-327">
         <name>UCSCTL6</name>
         <value>0x16c</value>
      </symbol>
      <symbol id="sm-328">
         <name>UCSCTL6_L</name>
         <value>0x16c</value>
      </symbol>
      <symbol id="sm-329">
         <name>UCSCTL6_H</name>
         <value>0x16d</value>
      </symbol>
      <symbol id="sm-32a">
         <name>UCSCTL7</name>
         <value>0x16e</value>
      </symbol>
      <symbol id="sm-32b">
         <name>UCSCTL7_L</name>
         <value>0x16e</value>
      </symbol>
      <symbol id="sm-32c">
         <name>UCSCTL7_H</name>
         <value>0x16f</value>
      </symbol>
      <symbol id="sm-32d">
         <name>UCSCTL8</name>
         <value>0x170</value>
      </symbol>
      <symbol id="sm-32e">
         <name>UCSCTL8_L</name>
         <value>0x170</value>
      </symbol>
      <symbol id="sm-32f">
         <name>UCSCTL8_H</name>
         <value>0x171</value>
      </symbol>
      <symbol id="sm-330">
         <name>UCA0CTLW0</name>
         <value>0x5c0</value>
      </symbol>
      <symbol id="sm-331">
         <name>UCA0CTLW0_L</name>
         <value>0x5c0</value>
      </symbol>
      <symbol id="sm-332">
         <name>UCA0CTLW0_H</name>
         <value>0x5c1</value>
      </symbol>
      <symbol id="sm-333">
         <name>UCA0BRW</name>
         <value>0x5c6</value>
      </symbol>
      <symbol id="sm-334">
         <name>UCA0BRW_L</name>
         <value>0x5c6</value>
      </symbol>
      <symbol id="sm-335">
         <name>UCA0BRW_H</name>
         <value>0x5c7</value>
      </symbol>
      <symbol id="sm-336">
         <name>UCA0MCTL</name>
         <value>0x5c8</value>
      </symbol>
      <symbol id="sm-337">
         <name>UCA0STAT</name>
         <value>0x5ca</value>
      </symbol>
      <symbol id="sm-338">
         <name>UCA0RXBUF</name>
         <value>0x5cc</value>
      </symbol>
      <symbol id="sm-339">
         <name>UCA0TXBUF</name>
         <value>0x5ce</value>
      </symbol>
      <symbol id="sm-33a">
         <name>UCA0ABCTL</name>
         <value>0x5d0</value>
      </symbol>
      <symbol id="sm-33b">
         <name>UCA0IRCTL</name>
         <value>0x5d2</value>
      </symbol>
      <symbol id="sm-33c">
         <name>UCA0IRCTL_L</name>
         <value>0x5d2</value>
      </symbol>
      <symbol id="sm-33d">
         <name>UCA0IRCTL_H</name>
         <value>0x5d3</value>
      </symbol>
      <symbol id="sm-33e">
         <name>UCA0ICTL</name>
         <value>0x5dc</value>
      </symbol>
      <symbol id="sm-33f">
         <name>UCA0ICTL_L</name>
         <value>0x5dc</value>
      </symbol>
      <symbol id="sm-340">
         <name>UCA0ICTL_H</name>
         <value>0x5dd</value>
      </symbol>
      <symbol id="sm-341">
         <name>UCA0IV</name>
         <value>0x5de</value>
      </symbol>
      <symbol id="sm-342">
         <name>UCB0CTLW0</name>
         <value>0x5e0</value>
      </symbol>
      <symbol id="sm-343">
         <name>UCB0CTLW0_L</name>
         <value>0x5e0</value>
      </symbol>
      <symbol id="sm-344">
         <name>UCB0CTLW0_H</name>
         <value>0x5e1</value>
      </symbol>
      <symbol id="sm-345">
         <name>UCB0BRW</name>
         <value>0x5e6</value>
      </symbol>
      <symbol id="sm-346">
         <name>UCB0BRW_L</name>
         <value>0x5e6</value>
      </symbol>
      <symbol id="sm-347">
         <name>UCB0BRW_H</name>
         <value>0x5e7</value>
      </symbol>
      <symbol id="sm-348">
         <name>UCB0STAT</name>
         <value>0x5ea</value>
      </symbol>
      <symbol id="sm-349">
         <name>UCB0RXBUF</name>
         <value>0x5ec</value>
      </symbol>
      <symbol id="sm-34a">
         <name>UCB0TXBUF</name>
         <value>0x5ee</value>
      </symbol>
      <symbol id="sm-34b">
         <name>UCB0I2COA</name>
         <value>0x5f0</value>
      </symbol>
      <symbol id="sm-34c">
         <name>UCB0I2COA_L</name>
         <value>0x5f0</value>
      </symbol>
      <symbol id="sm-34d">
         <name>UCB0I2COA_H</name>
         <value>0x5f1</value>
      </symbol>
      <symbol id="sm-34e">
         <name>UCB0I2CSA</name>
         <value>0x5f2</value>
      </symbol>
      <symbol id="sm-34f">
         <name>UCB0I2CSA_L</name>
         <value>0x5f2</value>
      </symbol>
      <symbol id="sm-350">
         <name>UCB0I2CSA_H</name>
         <value>0x5f3</value>
      </symbol>
      <symbol id="sm-351">
         <name>UCB0ICTL</name>
         <value>0x5fc</value>
      </symbol>
      <symbol id="sm-352">
         <name>UCB0ICTL_L</name>
         <value>0x5fc</value>
      </symbol>
      <symbol id="sm-353">
         <name>UCB0ICTL_H</name>
         <value>0x5fd</value>
      </symbol>
      <symbol id="sm-354">
         <name>UCB0IV</name>
         <value>0x5fe</value>
      </symbol>
      <symbol id="sm-355">
         <name>UCA1CTLW0</name>
         <value>0x600</value>
      </symbol>
      <symbol id="sm-356">
         <name>UCA1CTLW0_L</name>
         <value>0x600</value>
      </symbol>
      <symbol id="sm-357">
         <name>UCA1CTLW0_H</name>
         <value>0x601</value>
      </symbol>
      <symbol id="sm-358">
         <name>UCA1BRW</name>
         <value>0x606</value>
      </symbol>
      <symbol id="sm-359">
         <name>UCA1BRW_L</name>
         <value>0x606</value>
      </symbol>
      <symbol id="sm-35a">
         <name>UCA1BRW_H</name>
         <value>0x607</value>
      </symbol>
      <symbol id="sm-35b">
         <name>UCA1MCTL</name>
         <value>0x608</value>
      </symbol>
      <symbol id="sm-35c">
         <name>UCA1STAT</name>
         <value>0x60a</value>
      </symbol>
      <symbol id="sm-35d">
         <name>UCA1RXBUF</name>
         <value>0x60c</value>
      </symbol>
      <symbol id="sm-35e">
         <name>UCA1TXBUF</name>
         <value>0x60e</value>
      </symbol>
      <symbol id="sm-35f">
         <name>UCA1ABCTL</name>
         <value>0x610</value>
      </symbol>
      <symbol id="sm-360">
         <name>UCA1IRCTL</name>
         <value>0x612</value>
      </symbol>
      <symbol id="sm-361">
         <name>UCA1IRCTL_L</name>
         <value>0x612</value>
      </symbol>
      <symbol id="sm-362">
         <name>UCA1IRCTL_H</name>
         <value>0x613</value>
      </symbol>
      <symbol id="sm-363">
         <name>UCA1ICTL</name>
         <value>0x61c</value>
      </symbol>
      <symbol id="sm-364">
         <name>UCA1ICTL_L</name>
         <value>0x61c</value>
      </symbol>
      <symbol id="sm-365">
         <name>UCA1ICTL_H</name>
         <value>0x61d</value>
      </symbol>
      <symbol id="sm-366">
         <name>UCA1IV</name>
         <value>0x61e</value>
      </symbol>
      <symbol id="sm-367">
         <name>UCB1CTLW0</name>
         <value>0x620</value>
      </symbol>
      <symbol id="sm-368">
         <name>UCB1CTLW0_L</name>
         <value>0x620</value>
      </symbol>
      <symbol id="sm-369">
         <name>UCB1CTLW0_H</name>
         <value>0x621</value>
      </symbol>
      <symbol id="sm-36a">
         <name>UCB1BRW</name>
         <value>0x626</value>
      </symbol>
      <symbol id="sm-36b">
         <name>UCB1BRW_L</name>
         <value>0x626</value>
      </symbol>
      <symbol id="sm-36c">
         <name>UCB1BRW_H</name>
         <value>0x627</value>
      </symbol>
      <symbol id="sm-36d">
         <name>UCB1STAT</name>
         <value>0x62a</value>
      </symbol>
      <symbol id="sm-36e">
         <name>UCB1RXBUF</name>
         <value>0x62c</value>
      </symbol>
      <symbol id="sm-36f">
         <name>UCB1TXBUF</name>
         <value>0x62e</value>
      </symbol>
      <symbol id="sm-370">
         <name>UCB1I2COA</name>
         <value>0x630</value>
      </symbol>
      <symbol id="sm-371">
         <name>UCB1I2COA_L</name>
         <value>0x630</value>
      </symbol>
      <symbol id="sm-372">
         <name>UCB1I2COA_H</name>
         <value>0x631</value>
      </symbol>
      <symbol id="sm-373">
         <name>UCB1I2CSA</name>
         <value>0x632</value>
      </symbol>
      <symbol id="sm-374">
         <name>UCB1I2CSA_L</name>
         <value>0x632</value>
      </symbol>
      <symbol id="sm-375">
         <name>UCB1I2CSA_H</name>
         <value>0x633</value>
      </symbol>
      <symbol id="sm-376">
         <name>UCB1ICTL</name>
         <value>0x63c</value>
      </symbol>
      <symbol id="sm-377">
         <name>UCB1ICTL_L</name>
         <value>0x63c</value>
      </symbol>
      <symbol id="sm-378">
         <name>UCB1ICTL_H</name>
         <value>0x63d</value>
      </symbol>
      <symbol id="sm-379">
         <name>UCB1IV</name>
         <value>0x63e</value>
      </symbol>
      <symbol id="sm-37a">
         <name>WDTCTL</name>
         <value>0x15c</value>
      </symbol>
      <symbol id="sm-37b">
         <name>WDTCTL_L</name>
         <value>0x15c</value>
      </symbol>
      <symbol id="sm-37c">
         <name>WDTCTL_H</name>
         <value>0x15d</value>
      </symbol>
      <symbol id="sm-37d">
         <name>cinit</name>
         <value>0xffffffff</value>
      </symbol>
      <symbol id="sm-37e">
         <name>__cinit__</name>
         <value>0xffffffff</value>
      </symbol>
      <symbol id="sm-37f">
         <name>pinit</name>
         <value>0xffffffff</value>
      </symbol>
      <symbol id="sm-380">
         <name>__pinit__</name>
         <value>0xffffffff</value>
      </symbol>
      <symbol id="sm-381">
         <name>binit</name>
         <value>0xffffffff</value>
      </symbol>
      <symbol id="sm-382">
         <name>__binit__</name>
         <value>0xffffffff</value>
      </symbol>
      <symbol id="sm-383">
         <name>__STACK_SIZE</name>
         <value>0xa0</value>
      </symbol>
      <symbol id="sm-384">
         <name>__STACK_END</name>
         <value>0x6400</value>
      </symbol>
      <symbol id="sm-385">
         <name>__c_args__</name>
         <value>0xffffffff</value>
      </symbol>
      <symbol id="sm-386">
         <name>.text</name>
         <value>0xffffffff</value>
      </symbol>
      <symbol id="sm-387">
         <name>__text__</name>
         <value>0xffffffff</value>
      </symbol>
      <symbol id="sm-388">
         <name>etext</name>
         <value>0xffffffff</value>
      </symbol>
      <symbol id="sm-389">
         <name>__etext__</name>
         <value>0xffffffff</value>
      </symbol>
      <symbol id="sm-38a">
         <name>.bss</name>
         <value>0x2400</value>
      </symbol>
      <symbol id="sm-38b">
         <name>__bss__</name>
         <value>0x2400</value>
      </symbol>
      <symbol id="sm-38c">
         <name>end</name>
         <value>0x2410</value>
      </symbol>
      <symbol id="sm-38d">
         <name>__end__</name>
         <value>0x2410</value>
      </symbol>
      <symbol id="sm-46d">
         <name>tft_AddTxData</name>
         <value>0x9754</value>
         <object_component_ref idref="oc-96"/>
      </symbol>
      <symbol id="sm-46e">
         <name>tft_SendIndex</name>
         <value>0x979e</value>
         <object_component_ref idref="oc-93"/>
      </symbol>
      <symbol id="sm-46f">
         <name>tft_SendData</name>
         <value>0x978a</value>
         <object_component_ref idref="oc-94"/>
      </symbol>
      <symbol id="sm-470">
         <name>tft_SendCmd</name>
         <value>0x97b2</value>
         <object_component_ref idref="oc-92"/>
      </symbol>
      <symbol id="sm-471">
         <name>initTFT</name>
         <value>0x9072</value>
         <object_component_ref idref="oc-8f"/>
      </symbol>
      <symbol id="sm-4a8">
         <name>etft_AreaSet</name>
         <value>0x9678</value>
         <object_component_ref idref="oc-90"/>
      </symbol>
      <symbol id="sm-4a9">
         <name>etft_DisplayString</name>
         <value>0x95be</value>
         <object_component_ref idref="oc-91"/>
      </symbol>
      <symbol id="sm-4aa">
         <name>tft_ascii</name>
         <value>0x8022</value>
         <object_component_ref idref="oc-95"/>
      </symbol>
      <symbol id="sm-4d5">
         <name>main</name>
         <value>0x943c</value>
         <object_component_ref idref="oc-8c"/>
      </symbol>
      <symbol id="sm-4d6">
         <name>initClock</name>
         <value>0x96f0</value>
         <object_component_ref idref="oc-8e"/>
      </symbol>
      <symbol id="sm-4e6">
         <name>_c_int00</name>
         <value>0x8000</value>
         <object_component_ref idref="oc-4f"/>
      </symbol>
      <symbol id="sm-4e7">
         <name>_dtors_ptr</name>
         <value>0x240c</value>
         <object_component_ref idref="oc-5d"/>
      </symbol>
      <symbol id="sm-4e8">
         <name>_cleanup_ptr</name>
         <value>0x2408</value>
         <object_component_ref idref="oc-5d"/>
      </symbol>
      <symbol id="sm-4e9">
         <name>_stack</name>
         <value>0x6360</value>
         <object_component_ref idref="oc-5f"/>
      </symbol>
      <symbol id="sm-4ea">
         <name>_c_int00_noinit_noexit</name>
         <value>0x8000</value>
         <object_component_ref idref="oc-4f"/>
      </symbol>
      <symbol id="sm-4eb">
         <name>_reset_vector</name>
         <value>0xfffe</value>
         <object_component_ref idref="oc-60"/>
      </symbol>
      <symbol id="sm-510">
         <name>C$$EXIT</name>
         <value>0x97ce</value>
         <object_component_ref idref="oc-8d"/>
      </symbol>
      <symbol id="sm-511">
         <name>abort</name>
         <value>0x97ce</value>
         <object_component_ref idref="oc-8d"/>
      </symbol>
      <symbol id="sm-512">
         <name>__TI_exit</name>
         <value>0x1</value>
      </symbol>
      <symbol id="sm-51e">
         <name>_nop</name>
         <value>0x97d2</value>
         <object_component_ref idref="oc-8a"/>
      </symbol>
      <symbol id="sm-51f">
         <name>_lock</name>
         <value>0x2400</value>
         <object_component_ref idref="oc-72"/>
      </symbol>
      <symbol id="sm-520">
         <name>_unlock</name>
         <value>0x2404</value>
         <object_component_ref idref="oc-72"/>
      </symbol>
      <symbol id="sm-529">
         <name>I_LSL</name>
         <value>0x97c0</value>
         <object_component_ref idref="oc-76"/>
      </symbol>
      <symbol id="sm-531">
         <name>__mpyi_f5hw</name>
         <value>0x9774</value>
         <object_component_ref idref="oc-7a"/>
      </symbol>
      <symbol id="sm-53b">
         <name>_system_pre_init</name>
         <value>0x97ca</value>
         <object_component_ref idref="oc-8b"/>
      </symbol>
      <symbol id="sm-543">
         <name>__TI_args_main</name>
         <value>0x1</value>
      </symbol>
      <symbol id="sm-54b">
         <name>__TI_auto_init</name>
         <value>0x1</value>
      </symbol>
   </symbol_table>
</link_info>
